Microchip MPLAB XC8 Compiler V1.43 ()

Linker command line:

-W-3 --edf=C:\Program Files (x86)\Microchip\xc8\v1.43\dat\en_msgs.txt -cs \
  -h+dist/default/production\Proyecto_Final.X.production.sym \
  --cmf=dist/default/production\Proyecto_Final.X.production.cmf -z \
  -Q18F4550 -oC:\Users\alons\AppData\Local\Temp\sdf0.2 \
  -Mdist/default/production/Proyecto_Final.X.production.map -E1 -ver=XC8 \
  -ASTACK=0132h-07ffh -pstack=STACK -ACODE=00h-07FFFh -ACONST=00h-07FFFh \
  -ASMALLCONST=0800h-08FFhx120 -AMEDIUMCONST=0800h-07FFFh -ACOMRAM=01h-05Fh \
  -AABS1=00h-07FFh -ABIGRAM=01h-07FFh -ARAM=060h-0FFh,0100h-01FFhx7 \
  -ABANK0=060h-0FFh -ABANK1=0100h-01FFh -ABANK2=0200h-02FFh \
  -ABANK3=0300h-03FFh -ABANK4=0400h-04FFh -ABANK5=0500h-05FFh \
  -ABANK6=0600h-06FFh -ABANK7=0700h-07FFh -ASFR=0F60h-0FFFh \
  -preset_vec=00h,intcode=08h,intcodelo,powerup,init -pramtop=0800h \
  -psmallconst=SMALLCONST -pmediumconst=MEDIUMCONST -pconst=CONST \
  -AFARRAM=00h-00h -ACONFIG=0300000h-030000Dh -pconfig=CONFIG \
  -AIDLOC=0200000h-0200007h -pidloc=IDLOC -AEEDATA=0F00000h-0F000FFh \
  -peeprom_data=EEDATA \
  -prdata=COMRAM,nvrram=COMRAM,nvbit=COMRAM,rbss=COMRAM,rbit=COMRAM \
  -pfarbss=FARRAM,fardata=FARRAM,nvFARRAM=FARRAM \
  -pintsave_regs=BIGRAM,bigbss=BIGRAM,bigdata=BIGRAM -pbss=RAM \
  -pidata=CODE,irdata=CODE,ibigdata=CODE,ifardata=CODE -prparam=COMRAM \
  C:\Users\alons\AppData\Local\Temp\sdf0.obj \
  dist/default/production\Proyecto_Final.X.production.obj 

Object code version is 3.11

Machine type is 18F4550

Call graph: (short form)




                Name                               Link     Load   Length Selector   Space Scale
C:\Users\alons\AppData\Local\Temp\sdf0.obj
                init                                  E        E        4        4       0
                reset_vec                             0        0        4        0       0
                idloc                            200000   200000        8   200000       0
                config                           300000   300000        E   300000       0
dist/default/production\Proyecto_Final.X.production.obj
                intcode                               8        8        6        4       0
                temp                                 4A       4A        1        1       1
                smallconst                          800      800       80      400       0
                text52                             2B24     2B24        2      440       0
                text51                             2AF6     2AF6        A      440       0
                text50                             29BC     29BC       2E      440       0
                text49                             2B22     2B22        2      440       0
                text48                             2A8E     2A8E       18      440       0
                text47                             2B08     2B08        8      440       0
                text46                             1A06     1A06      24C      440       0
                text45                             2B20     2B20        2      440       0
                text44                             2B1E     2B1E        2      440       0
                text43                             2B1C     2B1C        2      440       0
                text42                             2B1A     2B1A        2      440       0
                text41                             2B18     2B18        2      440       0
                text40                             2B16     2B16        2      440       0
                text39                             2B14     2B14        2      440       0
                text38                             2B12     2B12        2      440       0
                text37                             2B10     2B10        2      440       0
                text36                             298E     298E       2E      440       0
                intcode_body                       1C52     1C52      166      440       0
                text34                             295E     295E       30      440       0
                text33                             2A76     2A76       18      440       0
                text32                             2AEC     2AEC        A      440       0
                text31                             2AE0     2AE0        C      440       0
                text30                             2B00     2B00        8      440       0
                text29                             28F2     28F2       3A      440       0
                text28                             2AA6     2AA6       16      440       0
                text27                             2ACE     2ACE       12      440       0
                text26                             279C     279C       52      440       0
                text25                             2878     2878       3E      440       0
                text24                             2430     2430       A4      440       0
                text23                             28B6     28B6       3C      440       0
                text22                             2ABC     2ABC       12      440       0
                text21                             283A     283A       3E      440       0
                text20                             2382     2382       AE      440       0
                text19                             2A34     2A34       24      440       0
                text18                             24D4     24D4       90      440       0
                text17                             2A10     2A10       24      440       0
                text16                             1544     1544      268      440       0
                text15                             27EE     27EE       4C      440       0
                text14                             1DB8     1DB8      144      440       0
                text13                             25E8     25E8       82      440       0
                text12                             26DA     26DA       66      440       0
                text11                             2740     2740       5C      440       0
                text10                             202E     202E      128      440       0
                text9                              1EFC     1EFC      132      440       0
                text8                              2564     2564       84      440       0
                text7                              266A     266A       70      440       0
                text6                              2156     2156      120      440       0
                text5                              29EA     29EA       26      440       0
                text4                              17AC     17AC      25A      440       0
                text3                              2A58     2A58       1E      440       0
                text2                              1116     1116      42E      440       0
                text1                               880      880      896      440       0
                text0                              2276     2276      10C      440       0
                cstackCOMRAM                          1        1       34        1       1
                cstackBANK0                          60       60       4B       60       1
                bssBANK1                            100      100       32      100       1
                bssBANK0                             AB       AB       39       60       1
                bssCOMRAM                            35       35       15        1       1
                cinit                              292C     292C       32      440       0

TOTAL           Name                               Link     Load   Length     Space
        CLASS   STACK          

        CLASS   CODE           
                intcode                               8        8        6         0
                init                                  E        E        4         0
                reset_vec                             0        0        4         0
                text52                             2B24     2B24        2         0
                text51                             2AF6     2AF6        A         0
                text50                             29BC     29BC       2E         0
                text49                             2B22     2B22        2         0
                text48                             2A8E     2A8E       18         0
                text47                             2B08     2B08        8         0
                text46                             1A06     1A06      24C         0
                text45                             2B20     2B20        2         0
                text44                             2B1E     2B1E        2         0
                text43                             2B1C     2B1C        2         0
                text42                             2B1A     2B1A        2         0
                text41                             2B18     2B18        2         0
                text40                             2B16     2B16        2         0
                text39                             2B14     2B14        2         0
                text38                             2B12     2B12        2         0
                text37                             2B10     2B10        2         0
                text36                             298E     298E       2E         0
                intcode_body                       1C52     1C52      166         0
                text34                             295E     295E       30         0
                text33                             2A76     2A76       18         0
                text32                             2AEC     2AEC        A         0
                text31                             2AE0     2AE0        C         0
                text30                             2B00     2B00        8         0
                text29                             28F2     28F2       3A         0
                text28                             2AA6     2AA6       16         0
                text27                             2ACE     2ACE       12         0
                text26                             279C     279C       52         0
                text25                             2878     2878       3E         0
                text24                             2430     2430       A4         0
                text23                             28B6     28B6       3C         0
                text22                             2ABC     2ABC       12         0
                text21                             283A     283A       3E         0
                text20                             2382     2382       AE         0
                text19                             2A34     2A34       24         0
                text18                             24D4     24D4       90         0
                text17                             2A10     2A10       24         0
                text16                             1544     1544      268         0
                text15                             27EE     27EE       4C         0
                text14                             1DB8     1DB8      144         0
                text13                             25E8     25E8       82         0
                text12                             26DA     26DA       66         0
                text11                             2740     2740       5C         0
                text10                             202E     202E      128         0
                text9                              1EFC     1EFC      132         0
                text8                              2564     2564       84         0
                text7                              266A     266A       70         0
                text6                              2156     2156      120         0
                text5                              29EA     29EA       26         0
                text4                              17AC     17AC      25A         0
                text3                              2A58     2A58       1E         0
                text2                              1116     1116      42E         0
                text1                               880      880      896         0
                text0                              2276     2276      10C         0
                cinit                              292C     292C       32         0

        CLASS   CONST          

        CLASS   SMALLCONST     
                smallconst                          800      800       80         0

        CLASS   MEDIUMCONST    

        CLASS   COMRAM         
                temp                                 4A       4A        1         1
                cstackCOMRAM                          1        1       34         1
                bssCOMRAM                            35       35       15         1

        CLASS   ABS1           

        CLASS   BIGRAM         

        CLASS   RAM            

        CLASS   BANK0          
                cstackBANK0                          60       60       4B         1
                bssBANK0                             AB       AB       39         1

        CLASS   BANK1          
                bssBANK1                            100      100       32         1

        CLASS   BANK2          

        CLASS   BANK3          

        CLASS   BANK4          

        CLASS   BANK5          

        CLASS   BANK6          

        CLASS   BANK7          

        CLASS   SFR            

        CLASS   FARRAM         

        CLASS   CONFIG         
                config                           300000   300000        E         0

        CLASS   IDLOC          
                idloc                            200000   200000        8         0

        CLASS   EEDATA         



SEGMENTS        Name                           Load    Length   Top    Selector   Space  Class

                reset_vec                      000000  000004  000004         0       0  CODE    
                cstackCOMRAM                   000001  00004A  00004B         1       1  COMRAM  
                intcode                        000008  00000A  000012         4       0  CODE    
                cstackBANK0                    000060  000084  0000E4        60       1  BANK0   
                bssBANK1                       000100  000032  000132       100       1  BANK1   
                smallconst                     000800  000080  000880       400       0  SMALLCON
                text1                          000880  0022A6  002B26       440       0  CODE    
                idloc                          200000  000008  200008    200000       0  IDLOC   
                config                         300000  00000E  30000E    300000       0  CONFIG  


UNUSED ADDRESS RANGES

        Name                Unused          Largest block    Delta
        BANK0            0000E4-0000FF               1C
        BANK1            000132-0001FF               CE
        BANK2            000200-0002FF              100
        BANK3            000300-0003FF              100
        BANK4            000400-0004FF              100
        BANK5            000500-0005FF              100
        BANK6            000600-0006FF              100
        BANK7            000700-0007FF              100
        BIGRAM           00004B-00005F               15
                         0000E4-0000FF               1C
                         000132-0007FF              6CE
        CODE             000004-000007                4
                         000012-0007FF              7EE
                         002B26-007FFF             54DA
        COMRAM           00004B-00005F               15
        CONST            000004-000007                4
                         000012-0007FF              7EE
                         002B26-007FFF             54DA
        EEDATA           F00000-F000FF              100
        MEDIUMCONST      002B26-007FFF             54DA
        RAM              0000E4-0000FF               1C
                         000132-0007FF              100
        SFR              000F60-000FFF               A0
        SMALLCONST       002B26-007FFF              100
        STACK            000132-0007FF              6CE

                                  Symbol Table

?_ADC_GetConversion                    cstackCOMRAM 000016
?___awdiv                              cstackCOMRAM 00001C
?___awmod                              cstackCOMRAM 000016
?___ftadd                              cstackBANK0  000070
?___ftmul                              cstackCOMRAM 00002A
?___ftneg                              cstackCOMRAM 000016
?___ftpack                             cstackCOMRAM 000016
?___ftsub                              cstackBANK0  00007C
?___fttol                              cstackBANK0  00006D
?___lldiv                              cstackCOMRAM 000016
?___llmod                              cstackCOMRAM 000016
?___lltoft                             cstackCOMRAM 00001E
?___lwtoft                             cstackCOMRAM 00001E
?___wmul                               cstackCOMRAM 000024
?__div_to_l_                           cstackCOMRAM 000016
?__tdiv_to_l_                          cstackCOMRAM 000016
?_fround                               cstackBANK0  000066
?_scale                                cstackBANK0  000066
?_sprintf                              cstackBANK0  000082
ADC_GetConversion@channel              cstackCOMRAM 00001A
Delay10KTCYx@unit                      cstackCOMRAM 000017
I2C1_ISR@i2c_10bit_address_restart     bssCOMRAM    00003E
I2C1_ISR@i2c_address                   bssCOMRAM    000048
I2C1_ISR@i2c_bytes_left                bssCOMRAM    00003F
I2C1_ISR@pi2c_buf_ptr                  bssBANK0     0000BD
I2C1_MasterRead@trBlock                bssBANK0     0000D2
I2C1_MasterWrite@trBlock               bssBANK0     0000D8
INTERRUPT_InterruptManager@__portb__   cstackCOMRAM 000015
OpenXLCD@lcdtype                       cstackCOMRAM 00001A
SetDDRamAddr@DDaddr                    cstackCOMRAM 000019
WriteCmdXLCD@cmd                       cstackCOMRAM 000016
WriteDataXLCD@data                     cstackCOMRAM 000016
WriteSWSPI@input                       bssCOMRAM    000047
_ADCON0                                (abs)        000FC2
_ADCON0bits                            (abs)        000FC2
_ADCON1bits                            (abs)        000FC1
_ADCON2                                (abs)        000FC0
_ADC_Buffer                            bssBANK0     0000C8
_ADC_GetConversion                     text34       00295E
_ADC_ISR                               text52       002B24
_ADC_Initialize                        text33       002A76
_ADC_Value                             bssBANK0     0000BA
_ADRESH                                (abs)        000FC4
_ADRESL                                (abs)        000FC3
_BAUDCON                               (abs)        000FB8
_BusyXLCD                              text29       0028F2
_CCP2CON                               (abs)        000FBA
_CCPR2H                                (abs)        000FBC
_CCPR2L                                (abs)        000FBB
_Delay10KTCYx                          text28       002AA6
_DelayFor18TCY                         text30       002B00
_DelayPORXLCD                          text27       002ACE
_EEADR                                 (abs)        000FA9
_EECON1bits                            (abs)        000FA6
_EECON2                                (abs)        000FA7
_EEDATA                                (abs)        000FA8
_EUSART1_Receive_ISR                   text51       002AF6
_EUSART1_Transmit_ISR                  text50       0029BC
_I2C1_BusCollisionISR                  text49       002B22
_I2C1_FunctionComplete                 text48       002A8E
_I2C1_ISR                              text46       001A06
_I2C1_Stop                             text47       002B08
_INTCON2bits                           (abs)        000FF1
_INTCON3bits                           (abs)        000FF0
_INTCONbits                            (abs)        000FF2
_INTERRUPT_InterruptManager            intcode      000008
_IPEN                                  (abs)        007E87
_IPR1bits                              (abs)        000F9F
_IPR2bits                              (abs)        000FA2
_LATDbits                              (abs)        000F8C
_MEMORY_ISR                            text45       002B20
_OSCCON                                (abs)        000FD3
_OSCILLATOR_Initialize                 text32       002AEC
_OSCTUNE                               (abs)        000F9B
_OpenXLCD                              text24       002430
_PIE1bits                              (abs)        000F9D
_PIE2bits                              (abs)        000FA0
_PIN_MANAGER_INT0                      text44       002B1E
_PIN_MANAGER_INT1                      text43       002B1C
_PIN_MANAGER_INT2                      text42       002B1A
_PIN_MANAGER_IOC                       text41       002B18
_PIN_MANAGER_Initialize                text31       002AE0
_PIR1bits                              (abs)        000F9E
_PIR2bits                              (abs)        000FA1
_PORTB                                 (abs)        000F81
_PORTBbits                             (abs)        000F81
_PORTD                                 (abs)        000F83
_PR2                                   (abs)        000FCB
_RCSTA1                                (abs)        000FAB
_RCSTA1bits                            (abs)        000FAB
_SPBRG1                                (abs)        000FAF
_SPBRGH                                (abs)        000FB0
_SSPADD                                (abs)        000FC8
_SSPBUF                                (abs)        000FC9
_SSPCON1                               (abs)        000FC6
_SSPCON1bits                           (abs)        000FC6
_SSPCON2                               (abs)        000FC5
_SSPCON2bits                           (abs)        000FC5
_SSPSTAT                               (abs)        000FC7
_SSPSTATbits                           (abs)        000FC7
_SYSTEM_Initialize                     text22       002ABC
_SetDDRamAddr                          text26       00279C
_T0CON                                 (abs)        000FD5
_T0CONbits                             (abs)        000FD5
_T1CON                                 (abs)        000FCD
_T1CONbits                             (abs)        000FCD
_T2CON                                 (abs)        000FCA
_T2CONbits                             (abs)        000FCA
_T3CON                                 (abs)        000FB1
_T3CONbits                             (abs)        000FB1
_TABLAT                                (abs)        000FF5
_TBLPTRH                               (abs)        000FF7
_TBLPTRL                               (abs)        000FF6
_TBLPTRU                               (abs)        000FF8
_TMR0H                                 (abs)        000FD7
_TMR0L                                 (abs)        000FD6
_TMR0_ISR                              text40       002B16
_TMR1H                                 (abs)        000FCF
_TMR1L                                 (abs)        000FCE
_TMR1_ISR                              text39       002B14
_TMR1_InterruptHandler                 bssBANK0     0000C5
_TMR2                                  (abs)        000FCC
_TMR2_ISR                              text38       002B12
_TMR2_InterruptHandler                 bssBANK0     0000C3
_TMR3                                  (abs)        000FB2
_TMR3H                                 (abs)        000FB3
_TMR3L                                 (abs)        000FB2
_TMR3_DefaultInterruptHandler          text37       002B10
_TMR3_ISR                              text36       00298E
_TMR3_InterruptHandler                 bssBANK0     0000C1
_TRISAbits                             (abs)        000F92
_TRISBbits                             (abs)        000F93
_TRISD                                 (abs)        000F95
_TRISDbits                             (abs)        000F95
_TXREG1                                (abs)        000FAD
_TXSTA1                                (abs)        000FAC
_WriteCmdXLCD                          text25       002878
_WriteDataXLCD                         text21       00283A
_XLCD_Initialize                       text23       0028B6
__CFG_BOR$OFF                          (abs)        000000
__CFG_BORV$3                           (abs)        000000
__CFG_CCP2MX$OFF                       (abs)        000000
__CFG_CP0$OFF                          (abs)        000000
__CFG_CP1$OFF                          (abs)        000000
__CFG_CP2$OFF                          (abs)        000000
__CFG_CP3$OFF                          (abs)        000000
__CFG_CPB$OFF                          (abs)        000000
__CFG_CPD$OFF                          (abs)        000000
__CFG_CPUDIV$OSC3_PLL4                 (abs)        000000
__CFG_EBTR0$OFF                        (abs)        000000
__CFG_EBTR1$OFF                        (abs)        000000
__CFG_EBTR2$OFF                        (abs)        000000
__CFG_EBTR3$OFF                        (abs)        000000
__CFG_EBTRB$OFF                        (abs)        000000
__CFG_FCMEN$OFF                        (abs)        000000
__CFG_FOSC$HSPLL_HS                    (abs)        000000
__CFG_ICPRT$OFF                        (abs)        000000
__CFG_IESO$OFF                         (abs)        000000
__CFG_LPT1OSC$OFF                      (abs)        000000
__CFG_LVP$OFF                          (abs)        000000
__CFG_MCLRE$ON                         (abs)        000000
__CFG_PBADEN$OFF                       (abs)        000000
__CFG_PLLDIV$5                         (abs)        000000
__CFG_PWRT$ON                          (abs)        000000
__CFG_STVREN$OFF                       (abs)        000000
__CFG_USBDIV$2                         (abs)        000000
__CFG_VREGEN$OFF                       (abs)        000000
__CFG_WDT$OFF                          (abs)        000000
__CFG_WDTPS$32768                      (abs)        000000
__CFG_WRT0$OFF                         (abs)        000000
__CFG_WRT1$OFF                         (abs)        000000
__CFG_WRT2$OFF                         (abs)        000000
__CFG_WRT3$OFF                         (abs)        000000
__CFG_WRTB$OFF                         (abs)        000000
__CFG_WRTC$OFF                         (abs)        000000
__CFG_WRTD$OFF                         (abs)        000000
__CFG_XINST$OFF                        (abs)        000000
__HRAM                                 (abs)        000000
__Habs1                                abs1         000000
__Hbank0                               bank0        000000
__Hbank1                               bank1        000000
__Hbank2                               bank2        000000
__Hbank3                               bank3        000000
__Hbank4                               bank4        000000
__Hbank5                               bank5        000000
__Hbank6                               bank6        000000
__Hbank7                               bank7        000000
__Hbigbss                              bigbss       000000
__Hbigdata                             bigdata      000000
__Hbigram                              bigram       000000
__Hbss                                 bss          000000
__HbssBANK0                            bssBANK0     000000
__HbssBANK1                            bssBANK1     000000
__HbssCOMRAM                           bssCOMRAM    000000
__Hcinit                               cinit        000000
__Hclrtext                             clrtext      000000
__Hcomram                              comram       000000
__Hconfig                              config       30000E
__Hconst                               const        000000
__HcstackBANK0                         cstackBANK0  000000
__HcstackCOMRAM                        cstackCOMRAM 000000
__Hdata                                data         000000
__Heeprom_data                         eeprom_data  000000
__Hfarbss                              farbss       000000
__Hfardata                             fardata      000000
__Hibigdata                            ibigdata     000000
__Hidata                               idata        000000
__Hidloc                               idloc        200008
__Hifardata                            ifardata     000000
__Hinit                                init         000012
__Hintcode                             intcode      00000E
__Hintcode_body                        intcode_body 000000
__Hintcodelo                           intcodelo    00000E
__Hintentry                            intentry     000000
__Hintret                              intret       000000
__Hintsave_regs                        intsave_regs 000000
__Hirdata                              irdata       000000
__Hmediumconst                         mediumconst  000000
__HnvFARRAM                            nvFARRAM     000000
__Hnvbit                               nvbit        000000
__Hnvrram                              nvrram       000000
__Hparam                               rparam       000000
__Hpowerup                             powerup      00000E
__Hram                                 ram          000000
__Hramtop                              ramtop       000800
__Hrbit                                rbit         000000
__Hrbss                                rbss         000000
__Hrdata                               rdata        000000
__Hreset_vec                           reset_vec    000004
__Hrparam                              rparam       000000
__Hsfr                                 sfr          000000
__Hsmallconst                          smallconst   000880
__Hspace_0                             (abs)        30000E
__Hspace_1                             (abs)        000132
__Hspace_2                             (abs)        000000
__Hstack                               stack        000000
__Hstruct                              struct       000000
__Htemp                                temp         00004B
__Htext                                text         000000
__Htext0                               text0        000000
__Htext1                               text1        000000
__Htext10                              text10       000000
__Htext11                              text11       000000
__Htext12                              text12       000000
__Htext13                              text13       000000
__Htext14                              text14       000000
__Htext15                              text15       000000
__Htext16                              text16       000000
__Htext17                              text17       000000
__Htext18                              text18       000000
__Htext19                              text19       000000
__Htext2                               text2        000000
__Htext20                              text20       000000
__Htext21                              text21       000000
__Htext22                              text22       000000
__Htext23                              text23       000000
__Htext24                              text24       000000
__Htext25                              text25       000000
__Htext26                              text26       000000
__Htext27                              text27       000000
__Htext28                              text28       000000
__Htext29                              text29       000000
__Htext3                               text3        000000
__Htext30                              text30       000000
__Htext31                              text31       000000
__Htext32                              text32       000000
__Htext33                              text33       000000
__Htext34                              text34       000000
__Htext36                              text36       000000
__Htext37                              text37       000000
__Htext38                              text38       000000
__Htext39                              text39       000000
__Htext4                               text4        000000
__Htext40                              text40       000000
__Htext41                              text41       000000
__Htext42                              text42       000000
__Htext43                              text43       000000
__Htext44                              text44       000000
__Htext45                              text45       000000
__Htext46                              text46       000000
__Htext47                              text47       000000
__Htext48                              text48       000000
__Htext49                              text49       000000
__Htext5                               text5        000000
__Htext50                              text50       000000
__Htext51                              text51       000000
__Htext52                              text52       000000
__Htext53                              text53       000000
__Htext6                               text6        000000
__Htext7                               text7        000000
__Htext8                               text8        000000
__Htext9                               text9        000000
__LRAM                                 (abs)        000001
__Labs1                                abs1         000000
__Lbank0                               bank0        000000
__Lbank1                               bank1        000000
__Lbank2                               bank2        000000
__Lbank3                               bank3        000000
__Lbank4                               bank4        000000
__Lbank5                               bank5        000000
__Lbank6                               bank6        000000
__Lbank7                               bank7        000000
__Lbigbss                              bigbss       000000
__Lbigdata                             bigdata      000000
__Lbigram                              bigram       000000
__Lbss                                 bss          000000
__LbssBANK0                            bssBANK0     000000
__LbssBANK1                            bssBANK1     000000
__LbssCOMRAM                           bssCOMRAM    000000
__Lcinit                               cinit        000000
__Lclrtext                             clrtext      000000
__Lcomram                              comram       000000
__Lconfig                              config       300000
__Lconst                               const        000000
__LcstackBANK0                         cstackBANK0  000000
__LcstackCOMRAM                        cstackCOMRAM 000000
__Ldata                                data         000000
__Leeprom_data                         eeprom_data  000000
__Lfarbss                              farbss       000000
__Lfardata                             fardata      000000
__Libigdata                            ibigdata     000000
__Lidata                               idata        000000
__Lidloc                               idloc        200000
__Lifardata                            ifardata     000000
__Linit                                init         00000E
__Lintcode                             intcode      000008
__Lintcode_body                        intcode_body 000000
__Lintcodelo                           intcodelo    00000E
__Lintentry                            intentry     000000
__Lintret                              intret       000000
__Lintsave_regs                        intsave_regs 000000
__Lirdata                              irdata       000000
__Lmediumconst                         mediumconst  000000
__LnvFARRAM                            nvFARRAM     000000
__Lnvbit                               nvbit        000000
__Lnvrram                              nvrram       000000
__Lparam                               rparam       000000
__Lpowerup                             powerup      00000E
__Lram                                 ram          000000
__Lramtop                              ramtop       000800
__Lrbit                                rbit         000000
__Lrbss                                rbss         000000
__Lrdata                               rdata        000000
__Lreset_vec                           reset_vec    000000
__Lrparam                              rparam       000000
__Lsfr                                 sfr          000000
__Lsmallconst                          smallconst   000800
__Lspace_0                             (abs)        000000
__Lspace_1                             (abs)        000000
__Lspace_2                             (abs)        000000
__Lstack                               stack        000000
__Lstruct                              struct       000000
__Ltemp                                temp         00004A
__Ltext                                text         000000
__Ltext0                               text0        000000
__Ltext1                               text1        000000
__Ltext10                              text10       000000
__Ltext11                              text11       000000
__Ltext12                              text12       000000
__Ltext13                              text13       000000
__Ltext14                              text14       000000
__Ltext15                              text15       000000
__Ltext16                              text16       000000
__Ltext17                              text17       000000
__Ltext18                              text18       000000
__Ltext19                              text19       000000
__Ltext2                               text2        000000
__Ltext20                              text20       000000
__Ltext21                              text21       000000
__Ltext22                              text22       000000
__Ltext23                              text23       000000
__Ltext24                              text24       000000
__Ltext25                              text25       000000
__Ltext26                              text26       000000
__Ltext27                              text27       000000
__Ltext28                              text28       000000
__Ltext29                              text29       000000
__Ltext3                               text3        000000
__Ltext30                              text30       000000
__Ltext31                              text31       000000
__Ltext32                              text32       000000
__Ltext33                              text33       000000
__Ltext34                              text34       000000
__Ltext36                              text36       000000
__Ltext37                              text37       000000
__Ltext38                              text38       000000
__Ltext39                              text39       000000
__Ltext4                               text4        000000
__Ltext40                              text40       000000
__Ltext41                              text41       000000
__Ltext42                              text42       000000
__Ltext43                              text43       000000
__Ltext44                              text44       000000
__Ltext45                              text45       000000
__Ltext46                              text46       000000
__Ltext47                              text47       000000
__Ltext48                              text48       000000
__Ltext49                              text49       000000
__Ltext5                               text5        000000
__Ltext50                              text50       000000
__Ltext51                              text51       000000
__Ltext52                              text52       000000
__Ltext53                              text53       000000
__Ltext6                               text6        000000
__Ltext7                               text7        000000
__Ltext8                               text8        000000
__Ltext9                               text9        000000
__S0                                   (abs)        30000E
__S1                                   (abs)        000132
__S2                                   (abs)        000000
___awdiv                               text8        002564
___awdiv@counter                       cstackCOMRAM 000020
___awdiv@dividend                      cstackCOMRAM 00001C
___awdiv@divisor                       cstackCOMRAM 00001E
___awdiv@quotient                      cstackCOMRAM 000022
___awdiv@sign                          cstackCOMRAM 000021
___awmod                               text7        00266A
___awmod@counter                       cstackCOMRAM 00001A
___awmod@dividend                      cstackCOMRAM 000016
___awmod@divisor                       cstackCOMRAM 000018
___awmod@sign                          cstackCOMRAM 00001B
___ftadd                               text16       001544
___ftadd@exp1                          cstackBANK0  00007B
___ftadd@exp2                          cstackBANK0  00007A
___ftadd@f1                            cstackBANK0  000070
___ftadd@f2                            cstackBANK0  000073
___ftadd@sign                          cstackBANK0  000079
___ftge                                text18       0024D4
___ftge@ff1                            cstackCOMRAM 000016
___ftge@ff2                            cstackCOMRAM 000019
___ftmul                               text6        002156
___ftmul@cntr                          cstackBANK0  000064
___ftmul@exp                           cstackBANK0  000060
___ftmul@f1                            cstackCOMRAM 00002A
___ftmul@f2                            cstackCOMRAM 00002D
___ftmul@f3_as_product                 cstackBANK0  000061
___ftmul@sign                          cstackBANK0  000065
___ftneg                               text17       002A10
___ftneg@f1                            cstackCOMRAM 000016
___ftpack                              text20       002382
___ftpack@arg                          cstackCOMRAM 000016
___ftpack@exp                          cstackCOMRAM 000019
___ftpack@sign                         cstackCOMRAM 00001A
___ftsub                               text15       0027EE
___ftsub@f1                            cstackBANK0  00007C
___ftsub@f2                            cstackBANK0  00007F
___fttol                               text14       001DB8
___fttol@exp1                          cstackBANK0  00007B
___fttol@f1                            cstackBANK0  00006D
___fttol@lval                          cstackBANK0  000077
___fttol@sign1                         cstackBANK0  000076
___inthi_sp                            stack        000000
___intlo_sp                            stack        000000
___lldiv                               text13       0025E8
___lldiv@counter                       cstackCOMRAM 000022
___lldiv@dividend                      cstackCOMRAM 000016
___lldiv@divisor                       cstackCOMRAM 00001A
___lldiv@quotient                      cstackCOMRAM 00001E
___llmod                               text12       0026DA
___llmod@counter                       cstackCOMRAM 00001E
___llmod@dividend                      cstackCOMRAM 000016
___llmod@divisor                       cstackCOMRAM 00001A
___lltoft                              text11       002740
___lltoft@c                            cstackCOMRAM 00001E
___lltoft@exp                          cstackCOMRAM 000026
___lwtoft                              text19       002A34
___lwtoft@c                            cstackCOMRAM 00001E
___param_bank                          (abs)        000000
___rparam_used                         (abs)        000001
___sp                                  stack        000000
___wmul                                text5        0029EA
___wmul@multiplicand                   cstackCOMRAM 000026
___wmul@multiplier                     cstackCOMRAM 000024
___wmul@product                        cstackCOMRAM 000028
__accesstop                            (abs)        000060
__activetblptr                         (abs)        000002
__div_to_l_                            text10       00202E
__div_to_l_@cntr                       cstackCOMRAM 000020
__div_to_l_@exp1                       cstackCOMRAM 000021
__div_to_l_@f1                         cstackCOMRAM 000016
__div_to_l_@f2                         cstackCOMRAM 000019
__div_to_l_@quot                       cstackCOMRAM 00001C
__end_of_ADC_GetConversion             text34       00298E
__end_of_ADC_ISR                       text52       002B26
__end_of_ADC_Initialize                text33       002A8E
__end_of_BusyXLCD                      text29       00292C
__end_of_Delay10KTCYx                  text28       002ABC
__end_of_DelayFor18TCY                 text30       002B08
__end_of_DelayPORXLCD                  text27       002AE0
__end_of_EUSART1_Receive_ISR           text51       002B00
__end_of_EUSART1_Transmit_ISR          text50       0029EA
__end_of_I2C1_BusCollisionISR          text49       002B24
__end_of_I2C1_FunctionComplete         text48       002AA6
__end_of_I2C1_ISR                      text46       001C52
__end_of_I2C1_Stop                     text47       002B10
__end_of_INTERRUPT_InterruptManager    intcode_body 001DB8
__end_of_MEMORY_ISR                    text45       002B22
__end_of_OSCILLATOR_Initialize         text32       002AF6
__end_of_OpenXLCD                      text24       0024D4
__end_of_PIN_MANAGER_INT0              text44       002B20
__end_of_PIN_MANAGER_INT1              text43       002B1E
__end_of_PIN_MANAGER_INT2              text42       002B1C
__end_of_PIN_MANAGER_IOC               text41       002B1A
__end_of_PIN_MANAGER_Initialize        text31       002AEC
__end_of_SYSTEM_Initialize             text22       002ACE
__end_of_SetDDRamAddr                  text26       0027EE
__end_of_TMR0_ISR                      text40       002B18
__end_of_TMR1_ISR                      text39       002B16
__end_of_TMR2_ISR                      text38       002B14
__end_of_TMR3_DefaultInterruptHandler  text37       002B12
__end_of_TMR3_ISR                      text36       0029BC
__end_of_WriteCmdXLCD                  text25       0028B6
__end_of_WriteDataXLCD                 text21       002878
__end_of_XLCD_Initialize               text23       0028F2
__end_of___awdiv                       text8        0025E8
__end_of___awmod                       text7        0026DA
__end_of___ftadd                       text16       0017AC
__end_of___ftge                        text18       002564
__end_of___ftmul                       text6        002276
__end_of___ftneg                       text17       002A34
__end_of___ftpack                      text20       002430
__end_of___ftsub                       text15       00283A
__end_of___fttol                       text14       001EFC
__end_of___lldiv                       text13       00266A
__end_of___llmod                       text12       002740
__end_of___lltoft                      text11       00279C
__end_of___lwtoft                      text19       002A58
__end_of___wmul                        text5        002A10
__end_of__div_to_l_                    text10       002156
__end_of__initialization               cinit        002950
__end_of__npowers_                     smallconst   000877
__end_of__powers_                      smallconst   000850
__end_of__tdiv_to_l_                   text9        00202E
__end_of_dpowers                       smallconst   000829
__end_of_fround                        text4        001A06
__end_of_isdigit                       text3        002A76
__end_of_main                          text0        002382
__end_of_scale                         text2        001544
__end_of_sprintf                       text1        001116
__initialization                       cinit        00292C
__mediumconst                          mediumconst  000000
__npowers_                             smallconst   000850
__pbssBANK0                            bssBANK0     0000AB
__pbssBANK1                            bssBANK1     000100
__pbssCOMRAM                           bssCOMRAM    000035
__pcinit                               cinit        00292C
__pcstackBANK0                         cstackBANK0  000060
__pcstackCOMRAM                        cstackCOMRAM 000001
__pintcode                             intcode      000008
__pintcode_body                        intcode_body 001C52
__powers_                              smallconst   000829
__psmallconst                          smallconst   000800
__ptext0                               text0        002276
__ptext1                               text1        000880
__ptext10                              text10       00202E
__ptext11                              text11       002740
__ptext12                              text12       0026DA
__ptext13                              text13       0025E8
__ptext14                              text14       001DB8
__ptext15                              text15       0027EE
__ptext16                              text16       001544
__ptext17                              text17       002A10
__ptext18                              text18       0024D4
__ptext19                              text19       002A34
__ptext2                               text2        001116
__ptext20                              text20       002382
__ptext21                              text21       00283A
__ptext22                              text22       002ABC
__ptext23                              text23       0028B6
__ptext24                              text24       002430
__ptext25                              text25       002878
__ptext26                              text26       00279C
__ptext27                              text27       002ACE
__ptext28                              text28       002AA6
__ptext29                              text29       0028F2
__ptext3                               text3        002A58
__ptext30                              text30       002B00
__ptext31                              text31       002AE0
__ptext32                              text32       002AEC
__ptext33                              text33       002A76
__ptext34                              text34       00295E
__ptext36                              text36       00298E
__ptext37                              text37       002B10
__ptext38                              text38       002B12
__ptext39                              text39       002B14
__ptext4                               text4        0017AC
__ptext40                              text40       002B16
__ptext41                              text41       002B18
__ptext42                              text42       002B1A
__ptext43                              text43       002B1C
__ptext44                              text44       002B1E
__ptext45                              text45       002B20
__ptext46                              text46       001A06
__ptext47                              text47       002B08
__ptext48                              text48       002A8E
__ptext49                              text49       002B22
__ptext5                               text5        0029EA
__ptext50                              text50       0029BC
__ptext51                              text51       002AF6
__ptext52                              text52       002B24
__ptext53                              text53       000000
__ptext6                               text6        002156
__ptext7                               text7        00266A
__ptext8                               text8        002564
__ptext9                               text9        001EFC
__ramtop                               ramtop       000800
__size_of_ADC_GetConversion            (abs)        000000
__size_of_ADC_ISR                      (abs)        000000
__size_of_ADC_Initialize               (abs)        000000
__size_of_BusyXLCD                     (abs)        000000
__size_of_Delay10KTCYx                 (abs)        000000
__size_of_DelayFor18TCY                (abs)        000000
__size_of_DelayPORXLCD                 (abs)        000000
__size_of_EUSART1_Receive_ISR          (abs)        000000
__size_of_EUSART1_Transmit_ISR         (abs)        000000
__size_of_I2C1_BusCollisionISR         (abs)        000000
__size_of_I2C1_FunctionComplete        (abs)        000000
__size_of_I2C1_ISR                     (abs)        000000
__size_of_I2C1_Stop                    (abs)        000000
__size_of_INTERRUPT_InterruptManager   (abs)        000000
__size_of_MEMORY_ISR                   (abs)        000000
__size_of_OSCILLATOR_Initialize        (abs)        000000
__size_of_OpenXLCD                     (abs)        000000
__size_of_PIN_MANAGER_INT0             (abs)        000000
__size_of_PIN_MANAGER_INT1             (abs)        000000
__size_of_PIN_MANAGER_INT2             (abs)        000000
__size_of_PIN_MANAGER_IOC              (abs)        000000
__size_of_PIN_MANAGER_Initialize       (abs)        000000
__size_of_SYSTEM_Initialize            (abs)        000000
__size_of_SetDDRamAddr                 (abs)        000000
__size_of_TMR0_ISR                     (abs)        000000
__size_of_TMR1_ISR                     (abs)        000000
__size_of_TMR2_ISR                     (abs)        000000
__size_of_TMR3_DefaultInterruptHandler (abs)        000000
__size_of_TMR3_ISR                     (abs)        000000
__size_of_WriteCmdXLCD                 (abs)        000000
__size_of_WriteDataXLCD                (abs)        000000
__size_of_XLCD_Initialize              (abs)        000000
__size_of___awdiv                      (abs)        000000
__size_of___awmod                      (abs)        000000
__size_of___ftadd                      (abs)        000000
__size_of___ftge                       (abs)        000000
__size_of___ftmul                      (abs)        000000
__size_of___ftneg                      (abs)        000000
__size_of___ftpack                     (abs)        000000
__size_of___ftsub                      (abs)        000000
__size_of___fttol                      (abs)        000000
__size_of___lldiv                      (abs)        000000
__size_of___llmod                      (abs)        000000
__size_of___lltoft                     (abs)        000000
__size_of___lwtoft                     (abs)        000000
__size_of___wmul                       (abs)        000000
__size_of__div_to_l_                   (abs)        000000
__size_of__tdiv_to_l_                  (abs)        000000
__size_of_fround                       (abs)        000000
__size_of_isdigit                      (abs)        000000
__size_of_main                         (abs)        000000
__size_of_scale                        (abs)        000000
__size_of_sprintf                      (abs)        000000
__smallconst                           smallconst   000800
__tdiv_to_l_                           text9        001EFC
__tdiv_to_l_@cntr                      cstackCOMRAM 000023
__tdiv_to_l_@exp1                      cstackCOMRAM 000024
__tdiv_to_l_@f1                        cstackCOMRAM 000016
__tdiv_to_l_@f2                        cstackCOMRAM 000019
__tdiv_to_l_@quot                      cstackCOMRAM 00001F
_dpowers                               smallconst   000801
_eusart1RxBuffer                       bssBANK1     000100
_eusart1RxCount                        bssCOMRAM    000042
_eusart1RxTail                         bssCOMRAM    000043
_eusart1TxBuffer                       bssBANK0     0000AB
_eusart1TxBufferRemaining              bssCOMRAM    000044
_eusart1TxHead                         bssCOMRAM    000046
_eusart1TxTail                         bssCOMRAM    000045
_fround                                text4        0017AC
_fround$4058                           cstackBANK0  00006C
_fround$4059                           cstackBANK0  000069
_i2c1_object                           bssBANK0     0000B3
_i2c1_state                            bssCOMRAM    000041
_i2c1_tr_queue                         bssBANK0     0000DE
_i2c1_trb_count                        bssCOMRAM    000040
_isdigit                               text3        002A58
_isdigit$3475                          cstackCOMRAM 000017
_main                                  text0        002276
_p_i2c1_current                        bssBANK0     0000BF
_p_i2c1_trb_current                    bssCOMRAM    00003B
_scale                                 text2        001116
_scale$4060                            cstackBANK0  000069
_sprintf                               text1        000880
_sprintf$4061                          cstackBANK0  00008F
_timer0ReloadVal                       bssCOMRAM    000039
_timer0ReloadVal8bit                   bssCOMRAM    00003D
_timer1ReloadVal                       bssCOMRAM    000037
_timer3ReloadVal                       bssCOMRAM    000035
btemp                                  temp         00004A
end_of_initialization                  cinit        002950
fround@prec                            cstackBANK0  00006F
int$flags                              temp         00004A
int_func                               intcode_body 001C52
intlevel0                              text         000000
intlevel1                              text         000000
intlevel2                              text         000000
intlevel3                              text         000000
isdigit@c                              cstackCOMRAM 000018
main@uwu                               cstackBANK0  0000AA
scale@scl                              cstackBANK0  00006C
sprintf@ap                             cstackBANK0  000096
sprintf@c                              cstackBANK0  0000A9
sprintf@cp                             cstackBANK0  000092
sprintf@exp                            cstackBANK0  00009E
sprintf@f                              cstackBANK0  000084
sprintf@flag                           cstackBANK0  000098
sprintf@fval                           cstackBANK0  0000A4
sprintf@len                            cstackBANK0  000094
sprintf@prec                           cstackBANK0  0000A7
sprintf@sp                             cstackBANK0  000082
sprintf@tmpval                         cstackBANK0  0000A0
sprintf@val                            cstackBANK0  00009A
stackhi                                (abs)        0007FF
stacklo                                (abs)        000132
start                                  init         00000E
start_initialization                   cinit        00292C
wtemp6                                 temp         00004B


FUNCTION INFORMATION:

 *************** function _main *****************
 Defined at:
		line 57 in file "main.c"
 Parameters:    Size  Location     Type
		None
 Auto vars:     Size  Location     Type
  uwu             1   74[BANK0 ] unsigned char 
 Return value:  Size  Location     Type
                  1    wreg      void 
 Registers used:
		wreg, fsr1l, fsr1h, fsr2l, fsr2h, status,2, status,0, tblptrl, tblptrh, tblptru, prodl, prodh, cstack
 Tracked objects:
		On entry : 
		On exit  : 
		Unchanged: 
 Data sizes:     COMRAM   BANK0   BANK1   BANK2   BANK3   BANK4   BANK5   BANK6   BANK7
      Params:         0       0       0       0       0       0       0       0       0
      Locals:         0       1       0       0       0       0       0       0       0
      Temps:          2       0       0       0       0       0       0       0       0
      Totals:         2       1       0       0       0       0       0       0       0
Total ram usage:        3 bytes
 Hardware stack levels required when called:    8
 This function calls:
		_ADC_GetConversion
		_BusyXLCD
		_SYSTEM_Initialize
		_SetDDRamAddr
		_WriteCmdXLCD
		_WriteDataXLCD
		___lwtoft
		_sprintf
 This function is called by:
		Startup code after reset
 This function uses a non-reentrant model


 *************** function _sprintf *****************
 Defined at:
		line 492 in file "C:\Program Files (x86)\Microchip\xc8\v1.43\sources\common\doprnt.c"
 Parameters:    Size  Location     Type
  sp              2   34[BANK0 ] PTR unsigned char 
		 -> ADC_Buffer(10), 
  f               2   36[BANK0 ] PTR const unsigned char 
		 -> STR_1(8), 
 Auto vars:     Size  Location     Type
  tmpval          4   64[BANK0 ] struct .
  val             4   58[BANK0 ] unsigned long 
  fval            3   68[BANK0 ] unsigned long 
  prec            2   71[BANK0 ] int 
  exp             2   62[BANK0 ] int 
  flag            2   56[BANK0 ] unsigned short 
  ap              2   54[BANK0 ] PTR void [1]
		 -> ?_sprintf(2), 
  len             2   52[BANK0 ] unsigned int 
  cp              2   50[BANK0 ] PTR const unsigned char 
		 -> sprintf@c(1), 
  width           2    0        int 
  c               1   73[BANK0 ] char 
  d               1    0        unsigned char 
 Return value:  Size  Location     Type
                  2   34[BANK0 ] int 
 Registers used:
		wreg, fsr1l, fsr1h, fsr2l, fsr2h, status,2, status,0, tblptrl, tblptrh, tblptru, prodl, prodh, cstack
 Tracked objects:
		On entry : 
		On exit  : 
		Unchanged: 
 Data sizes:     COMRAM   BANK0   BANK1   BANK2   BANK3   BANK4   BANK5   BANK6   BANK7
      Params:         0       7       0       0       0       0       0       0       0
      Locals:         0      27       0       0       0       0       0       0       0
      Temps:          0       6       0       0       0       0       0       0       0
      Totals:         0      40       0       0       0       0       0       0       0
Total ram usage:       40 bytes
 Hardware stack levels used:    1
 Hardware stack levels required when called:    6
 This function calls:
		___awdiv
		___ftadd
		___ftge
		___ftmul
		___ftneg
		___ftsub
		___fttol
		___lldiv
		___llmod
		___lltoft
		___wmul
		__div_to_l_
		__tdiv_to_l_
		_fround
		_isdigit
		_scale
 This function is called by:
		_main
 This function uses a non-reentrant model


 *************** function _scale *****************
 Defined at:
		line 425 in file "C:\Program Files (x86)\Microchip\xc8\v1.43\sources\common\doprnt.c"
 Parameters:    Size  Location     Type
  scl             1    wreg     char 
 Auto vars:     Size  Location     Type
  scl             1   12[BANK0 ] char 
 Return value:  Size  Location     Type
                  3    6[BANK0 ] char 
 Registers used:
		wreg, status,2, status,0, tblptrl, tblptrh, tblptru, prodl, prodh, cstack
 Tracked objects:
		On entry : 
		On exit  : 
		Unchanged: 
 Data sizes:     COMRAM   BANK0   BANK1   BANK2   BANK3   BANK4   BANK5   BANK6   BANK7
      Params:         0       3       0       0       0       0       0       0       0
      Locals:         0       4       0       0       0       0       0       0       0
      Temps:          0       0       0       0       0       0       0       0       0
      Totals:         0       7       0       0       0       0       0       0       0
Total ram usage:        7 bytes
 Hardware stack levels used:    1
 Hardware stack levels required when called:    5
 This function calls:
		___awdiv
		___awmod
		___ftmul
		___wmul
 This function is called by:
		_sprintf
 This function uses a non-reentrant model


 *************** function _isdigit *****************
 Defined at:
		line 8 in file "C:\Program Files (x86)\Microchip\xc8\v1.43\sources\common\isdigit.c"
 Parameters:    Size  Location     Type
  c               1    wreg     unsigned char 
 Auto vars:     Size  Location     Type
  c               1   23[COMRAM] unsigned char 
 Return value:  Size  Location     Type
		None               void
 Registers used:
		wreg, status,2, status,0
 Tracked objects:
		On entry : 
		On exit  : 
		Unchanged: 
 Data sizes:     COMRAM   BANK0   BANK1   BANK2   BANK3   BANK4   BANK5   BANK6   BANK7
      Params:         0       0       0       0       0       0       0       0       0
      Locals:         2       0       0       0       0       0       0       0       0
      Temps:          1       0       0       0       0       0       0       0       0
      Totals:         3       0       0       0       0       0       0       0       0
Total ram usage:        3 bytes
 Hardware stack levels used:    1
 Hardware stack levels required when called:    3
 This function calls:
		Nothing
 This function is called by:
		_sprintf
 This function uses a non-reentrant model


 *************** function _fround *****************
 Defined at:
		line 409 in file "C:\Program Files (x86)\Microchip\xc8\v1.43\sources\common\doprnt.c"
 Parameters:    Size  Location     Type
  prec            1    wreg     unsigned char 
 Auto vars:     Size  Location     Type
  prec            1   15[BANK0 ] unsigned char 
 Return value:  Size  Location     Type
                  3    6[BANK0 ] unsigned char 
 Registers used:
		wreg, status,2, status,0, tblptrl, tblptrh, tblptru, prodl, prodh, cstack
 Tracked objects:
		On entry : 
		On exit  : 
		Unchanged: 
 Data sizes:     COMRAM   BANK0   BANK1   BANK2   BANK3   BANK4   BANK5   BANK6   BANK7
      Params:         0       3       0       0       0       0       0       0       0
      Locals:         0       7       0       0       0       0       0       0       0
      Temps:          0       0       0       0       0       0       0       0       0
      Totals:         0      10       0       0       0       0       0       0       0
Total ram usage:       10 bytes
 Hardware stack levels used:    1
 Hardware stack levels required when called:    5
 This function calls:
		___awdiv
		___awmod
		___ftmul
		___wmul
 This function is called by:
		_sprintf
 This function uses a non-reentrant model


 *************** function ___wmul *****************
 Defined at:
		line 15 in file "C:\Program Files (x86)\Microchip\xc8\v1.43\sources\common\Umul16.c"
 Parameters:    Size  Location     Type
  multiplier      2   35[COMRAM] unsigned int 
  multiplicand    2   37[COMRAM] unsigned int 
 Auto vars:     Size  Location     Type
  product         2   39[COMRAM] unsigned int 
 Return value:  Size  Location     Type
                  2   35[COMRAM] unsigned int 
 Registers used:
		wreg, status,2, status,0, prodl, prodh
 Tracked objects:
		On entry : 
		On exit  : 
		Unchanged: 
 Data sizes:     COMRAM   BANK0   BANK1   BANK2   BANK3   BANK4   BANK5   BANK6   BANK7
      Params:         4       0       0       0       0       0       0       0       0
      Locals:         2       0       0       0       0       0       0       0       0
      Temps:          0       0       0       0       0       0       0       0       0
      Totals:         6       0       0       0       0       0       0       0       0
Total ram usage:        6 bytes
 Hardware stack levels used:    1
 Hardware stack levels required when called:    3
 This function calls:
		Nothing
 This function is called by:
		_fround
		_scale
		_sprintf
 This function uses a non-reentrant model


 *************** function ___ftmul *****************
 Defined at:
		line 62 in file "C:\Program Files (x86)\Microchip\xc8\v1.43\sources\common\ftmul.c"
 Parameters:    Size  Location     Type
  f1              3   41[COMRAM] float 
  f2              3   44[COMRAM] float 
 Auto vars:     Size  Location     Type
  f3_as_produc    3    1[BANK0 ] unsigned um
  sign            1    5[BANK0 ] unsigned char 
  cntr            1    4[BANK0 ] unsigned char 
  exp             1    0[BANK0 ] unsigned char 
 Return value:  Size  Location     Type
                  3   41[COMRAM] float 
 Registers used:
		wreg, status,2, status,0, cstack
 Tracked objects:
		On entry : 
		On exit  : 
		Unchanged: 
 Data sizes:     COMRAM   BANK0   BANK1   BANK2   BANK3   BANK4   BANK5   BANK6   BANK7
      Params:         6       0       0       0       0       0       0       0       0
      Locals:         0       6       0       0       0       0       0       0       0
      Temps:          3       0       0       0       0       0       0       0       0
      Totals:         9       6       0       0       0       0       0       0       0
Total ram usage:       15 bytes
 Hardware stack levels used:    1
 Hardware stack levels required when called:    4
 This function calls:
		___ftpack
 This function is called by:
		_fround
		_scale
		_sprintf
 This function uses a non-reentrant model


 *************** function ___awmod *****************
 Defined at:
		line 8 in file "C:\Program Files (x86)\Microchip\xc8\v1.43\sources\common\awmod.c"
 Parameters:    Size  Location     Type
  dividend        2   21[COMRAM] int 
  divisor         2   23[COMRAM] int 
 Auto vars:     Size  Location     Type
  sign            1   26[COMRAM] unsigned char 
  counter         1   25[COMRAM] unsigned char 
 Return value:  Size  Location     Type
                  2   21[COMRAM] int 
 Registers used:
		wreg, status,2, status,0
 Tracked objects:
		On entry : 
		On exit  : 
		Unchanged: 
 Data sizes:     COMRAM   BANK0   BANK1   BANK2   BANK3   BANK4   BANK5   BANK6   BANK7
      Params:         4       0       0       0       0       0       0       0       0
      Locals:         2       0       0       0       0       0       0       0       0
      Temps:          0       0       0       0       0       0       0       0       0
      Totals:         6       0       0       0       0       0       0       0       0
Total ram usage:        6 bytes
 Hardware stack levels used:    1
 Hardware stack levels required when called:    3
 This function calls:
		Nothing
 This function is called by:
		_fround
		_scale
 This function uses a non-reentrant model


 *************** function ___awdiv *****************
 Defined at:
		line 8 in file "C:\Program Files (x86)\Microchip\xc8\v1.43\sources\common\awdiv.c"
 Parameters:    Size  Location     Type
  dividend        2   27[COMRAM] int 
  divisor         2   29[COMRAM] int 
 Auto vars:     Size  Location     Type
  quotient        2   33[COMRAM] int 
  sign            1   32[COMRAM] unsigned char 
  counter         1   31[COMRAM] unsigned char 
 Return value:  Size  Location     Type
                  2   27[COMRAM] int 
 Registers used:
		wreg, status,2, status,0
 Tracked objects:
		On entry : 
		On exit  : 
		Unchanged: 
 Data sizes:     COMRAM   BANK0   BANK1   BANK2   BANK3   BANK4   BANK5   BANK6   BANK7
      Params:         4       0       0       0       0       0       0       0       0
      Locals:         4       0       0       0       0       0       0       0       0
      Temps:          0       0       0       0       0       0       0       0       0
      Totals:         8       0       0       0       0       0       0       0       0
Total ram usage:        8 bytes
 Hardware stack levels used:    1
 Hardware stack levels required when called:    3
 This function calls:
		Nothing
 This function is called by:
		_fround
		_scale
		_sprintf
 This function uses a non-reentrant model


 *************** function __tdiv_to_l_ *****************
 Defined at:
		line 60 in file "C:\Program Files (x86)\Microchip\xc8\v1.43\sources\common\ftdivl.c"
 Parameters:    Size  Location     Type
  f1              3   21[COMRAM] float 
  f2              3   24[COMRAM] float 
 Auto vars:     Size  Location     Type
  quot            4   30[COMRAM] unsigned long 
  exp1            1   35[COMRAM] unsigned char 
  cntr            1   34[COMRAM] unsigned char 
 Return value:  Size  Location     Type
                  4   21[COMRAM] unsigned long 
 Registers used:
		wreg, status,2, status,0
 Tracked objects:
		On entry : 
		On exit  : 
		Unchanged: 
 Data sizes:     COMRAM   BANK0   BANK1   BANK2   BANK3   BANK4   BANK5   BANK6   BANK7
      Params:         6       0       0       0       0       0       0       0       0
      Locals:         6       0       0       0       0       0       0       0       0
      Temps:          3       0       0       0       0       0       0       0       0
      Totals:        15       0       0       0       0       0       0       0       0
Total ram usage:       15 bytes
 Hardware stack levels used:    1
 Hardware stack levels required when called:    3
 This function calls:
		Nothing
 This function is called by:
		_sprintf
 This function uses a non-reentrant model


 *************** function __div_to_l_ *****************
 Defined at:
		line 60 in file "C:\Program Files (x86)\Microchip\xc8\v1.43\sources\common\fldivl.c"
 Parameters:    Size  Location     Type
  f1              3   21[COMRAM] unsigned long 
  f2              3   24[COMRAM] unsigned long 
 Auto vars:     Size  Location     Type
  quot            4   27[COMRAM] unsigned long 
  exp1            1   32[COMRAM] unsigned char 
  cntr            1   31[COMRAM] unsigned char 
 Return value:  Size  Location     Type
                  4   21[COMRAM] unsigned long 
 Registers used:
		wreg, status,2, status,0
 Tracked objects:
		On entry : 
		On exit  : 
		Unchanged: 
 Data sizes:     COMRAM   BANK0   BANK1   BANK2   BANK3   BANK4   BANK5   BANK6   BANK7
      Params:         6       0       0       0       0       0       0       0       0
      Locals:         6       0       0       0       0       0       0       0       0
      Temps:          0       0       0       0       0       0       0       0       0
      Totals:        12       0       0       0       0       0       0       0       0
Total ram usage:       12 bytes
 Hardware stack levels used:    1
 Hardware stack levels required when called:    3
 This function calls:
		Nothing
 This function is called by:
		_sprintf
 This function uses a non-reentrant model


 *************** function ___lltoft *****************
 Defined at:
		line 35 in file "C:\Program Files (x86)\Microchip\xc8\v1.43\sources\common\lltoft.c"
 Parameters:    Size  Location     Type
  c               4   29[COMRAM] unsigned long 
 Auto vars:     Size  Location     Type
  exp             1   37[COMRAM] unsigned char 
 Return value:  Size  Location     Type
                  3   29[COMRAM] float 
 Registers used:
		wreg, status,2, status,0, cstack
 Tracked objects:
		On entry : 
		On exit  : 
		Unchanged: 
 Data sizes:     COMRAM   BANK0   BANK1   BANK2   BANK3   BANK4   BANK5   BANK6   BANK7
      Params:         4       0       0       0       0       0       0       0       0
      Locals:         1       0       0       0       0       0       0       0       0
      Temps:          4       0       0       0       0       0       0       0       0
      Totals:         9       0       0       0       0       0       0       0       0
Total ram usage:        9 bytes
 Hardware stack levels used:    1
 Hardware stack levels required when called:    4
 This function calls:
		___ftpack
 This function is called by:
		_sprintf
 This function uses a non-reentrant model


 *************** function ___llmod *****************
 Defined at:
		line 8 in file "C:\Program Files (x86)\Microchip\xc8\v1.43\sources\common\llmod.c"
 Parameters:    Size  Location     Type
  dividend        4   21[COMRAM] unsigned long 
  divisor         4   25[COMRAM] unsigned long 
 Auto vars:     Size  Location     Type
  counter         1   29[COMRAM] unsigned char 
 Return value:  Size  Location     Type
                  4   21[COMRAM] unsigned long 
 Registers used:
		wreg, status,2, status,0
 Tracked objects:
		On entry : 
		On exit  : 
		Unchanged: 
 Data sizes:     COMRAM   BANK0   BANK1   BANK2   BANK3   BANK4   BANK5   BANK6   BANK7
      Params:         8       0       0       0       0       0       0       0       0
      Locals:         1       0       0       0       0       0       0       0       0
      Temps:          0       0       0       0       0       0       0       0       0
      Totals:         9       0       0       0       0       0       0       0       0
Total ram usage:        9 bytes
 Hardware stack levels used:    1
 Hardware stack levels required when called:    3
 This function calls:
		Nothing
 This function is called by:
		_sprintf
 This function uses a non-reentrant model


 *************** function ___lldiv *****************
 Defined at:
		line 8 in file "C:\Program Files (x86)\Microchip\xc8\v1.43\sources\common\lldiv.c"
 Parameters:    Size  Location     Type
  dividend        4   21[COMRAM] unsigned long 
  divisor         4   25[COMRAM] unsigned long 
 Auto vars:     Size  Location     Type
  quotient        4   29[COMRAM] unsigned long 
  counter         1   33[COMRAM] unsigned char 
 Return value:  Size  Location     Type
                  4   21[COMRAM] unsigned long 
 Registers used:
		wreg, status,2, status,0
 Tracked objects:
		On entry : 
		On exit  : 
		Unchanged: 
 Data sizes:     COMRAM   BANK0   BANK1   BANK2   BANK3   BANK4   BANK5   BANK6   BANK7
      Params:         8       0       0       0       0       0       0       0       0
      Locals:         5       0       0       0       0       0       0       0       0
      Temps:          0       0       0       0       0       0       0       0       0
      Totals:        13       0       0       0       0       0       0       0       0
Total ram usage:       13 bytes
 Hardware stack levels used:    1
 Hardware stack levels required when called:    3
 This function calls:
		Nothing
 This function is called by:
		_sprintf
 This function uses a non-reentrant model


 *************** function ___fttol *****************
 Defined at:
		line 44 in file "C:\Program Files (x86)\Microchip\xc8\v1.43\sources\common\fttol.c"
 Parameters:    Size  Location     Type
  f1              3   13[BANK0 ] float 
 Auto vars:     Size  Location     Type
  lval            4   23[BANK0 ] unsigned long 
  exp1            1   27[BANK0 ] unsigned char 
  sign1           1   22[BANK0 ] unsigned char 
 Return value:  Size  Location     Type
                  4   13[BANK0 ] long 
 Registers used:
		wreg, status,2, status,0
 Tracked objects:
		On entry : 
		On exit  : 
		Unchanged: 
 Data sizes:     COMRAM   BANK0   BANK1   BANK2   BANK3   BANK4   BANK5   BANK6   BANK7
      Params:         0       4       0       0       0       0       0       0       0
      Locals:         0       6       0       0       0       0       0       0       0
      Temps:          0       5       0       0       0       0       0       0       0
      Totals:         0      15       0       0       0       0       0       0       0
Total ram usage:       15 bytes
 Hardware stack levels used:    1
 Hardware stack levels required when called:    3
 This function calls:
		Nothing
 This function is called by:
		_sprintf
 This function uses a non-reentrant model


 *************** function ___ftsub *****************
 Defined at:
		line 20 in file "C:\Program Files (x86)\Microchip\xc8\v1.43\sources\common\ftsub.c"
 Parameters:    Size  Location     Type
  f1              3   28[BANK0 ] float 
  f2              3   31[BANK0 ] float 
 Auto vars:     Size  Location     Type
		None
 Return value:  Size  Location     Type
                  3   28[BANK0 ] float 
 Registers used:
		wreg, status,2, status,0, cstack
 Tracked objects:
		On entry : 
		On exit  : 
		Unchanged: 
 Data sizes:     COMRAM   BANK0   BANK1   BANK2   BANK3   BANK4   BANK5   BANK6   BANK7
      Params:         0       6       0       0       0       0       0       0       0
      Locals:         0       0       0       0       0       0       0       0       0
[...]
		_INTERRUPT_InterruptManager
 This function uses a non-reentrant model


 *************** function _TMR0_ISR *****************
 Defined at:
		line 149 in file "tmr0.c"
 Parameters:    Size  Location     Type
		None
 Auto vars:     Size  Location     Type
		None
 Return value:  Size  Location     Type
                  1    wreg      void 
 Registers used:
		None
 Tracked objects:
		On entry : 
		On exit  : 
		Unchanged: 
 Data sizes:     COMRAM   BANK0   BANK1   BANK2   BANK3   BANK4   BANK5   BANK6   BANK7
      Params:         0       0       0       0       0       0       0       0       0
      Locals:         0       0       0       0       0       0       0       0       0
      Temps:          0       0       0       0       0       0       0       0       0
      Totals:         0       0       0       0       0       0       0       0       0
Total ram usage:        0 bytes
 Hardware stack levels used:    1
 This function calls:
		Nothing
 This function is called by:
		_INTERRUPT_InterruptManager
 This function uses a non-reentrant model


 *************** function _PIN_MANAGER_IOC *****************
 Defined at:
		line 13 in file "pin_manager.c"
 Parameters:    Size  Location     Type
		None
 Auto vars:     Size  Location     Type
		None
 Return value:  Size  Location     Type
                  1    wreg      void 
 Registers used:
		None
 Tracked objects:
		On entry : 
		On exit  : 
		Unchanged: 
 Data sizes:     COMRAM   BANK0   BANK1   BANK2   BANK3   BANK4   BANK5   BANK6   BANK7
      Params:         0       0       0       0       0       0       0       0       0
      Locals:         0       0       0       0       0       0       0       0       0
      Temps:          0       0       0       0       0       0       0       0       0
      Totals:         0       0       0       0       0       0       0       0       0
Total ram usage:        0 bytes
 Hardware stack levels used:    1
 This function calls:
		Nothing
 This function is called by:
		_INTERRUPT_InterruptManager
 This function uses a non-reentrant model


 *************** function _PIN_MANAGER_INT2 *****************
 Defined at:
		line 29 in file "pin_manager.c"
 Parameters:    Size  Location     Type
		None
 Auto vars:     Size  Location     Type
		None
 Return value:  Size  Location     Type
                  1    wreg      void 
 Registers used:
		None
 Tracked objects:
		On entry : 
		On exit  : 
		Unchanged: 
 Data sizes:     COMRAM   BANK0   BANK1   BANK2   BANK3   BANK4   BANK5   BANK6   BANK7
      Params:         0       0       0       0       0       0       0       0       0
      Locals:         0       0       0       0       0       0       0       0       0
      Temps:          0       0       0       0       0       0       0       0       0
      Totals:         0       0       0       0       0       0       0       0       0
Total ram usage:        0 bytes
 Hardware stack levels used:    1
 This function calls:
		Nothing
 This function is called by:
		_INTERRUPT_InterruptManager
 This function uses a non-reentrant model


 *************** function _PIN_MANAGER_INT1 *****************
 Defined at:
		line 24 in file "pin_manager.c"
 Parameters:    Size  Location     Type
		None
 Auto vars:     Size  Location     Type
		None
 Return value:  Size  Location     Type
                  1    wreg      void 
 Registers used:
		None
 Tracked objects:
		On entry : 
		On exit  : 
		Unchanged: 
 Data sizes:     COMRAM   BANK0   BANK1   BANK2   BANK3   BANK4   BANK5   BANK6   BANK7
      Params:         0       0       0       0       0       0       0       0       0
      Locals:         0       0       0       0       0       0       0       0       0
      Temps:          0       0       0       0       0       0       0       0       0
      Totals:         0       0       0       0       0       0       0       0       0
Total ram usage:        0 bytes
 Hardware stack levels used:    1
 This function calls:
		Nothing
 This function is called by:
		_INTERRUPT_InterruptManager
 This function uses a non-reentrant model


 *************** function _PIN_MANAGER_INT0 *****************
 Defined at:
		line 19 in file "pin_manager.c"
 Parameters:    Size  Location     Type
		None
 Auto vars:     Size  Location     Type
		None
 Return value:  Size  Location     Type
                  1    wreg      void 
 Registers used:
		None
 Tracked objects:
		On entry : 
		On exit  : 
		Unchanged: 
 Data sizes:     COMRAM   BANK0   BANK1   BANK2   BANK3   BANK4   BANK5   BANK6   BANK7
      Params:         0       0       0       0       0       0       0       0       0
      Locals:         0       0       0       0       0       0       0       0       0
      Temps:          0       0       0       0       0       0       0       0       0
      Totals:         0       0       0       0       0       0       0       0       0
Total ram usage:        0 bytes
 Hardware stack levels used:    1
 This function calls:
		Nothing
 This function is called by:
		_INTERRUPT_InterruptManager
 This function uses a non-reentrant model


 *************** function _MEMORY_ISR *****************
 Defined at:
		line 198 in file "memory.c"
 Parameters:    Size  Location     Type
		None
 Auto vars:     Size  Location     Type
		None
 Return value:  Size  Location     Type
                  1    wreg      void 
 Registers used:
		None
 Tracked objects:
		On entry : 
		On exit  : 
		Unchanged: 
 Data sizes:     COMRAM   BANK0   BANK1   BANK2   BANK3   BANK4   BANK5   BANK6   BANK7
      Params:         0       0       0       0       0       0       0       0       0
      Locals:         0       0       0       0       0       0       0       0       0
      Temps:          0       0       0       0       0       0       0       0       0
      Totals:         0       0       0       0       0       0       0       0       0
Total ram usage:        0 bytes
 Hardware stack levels used:    1
 This function calls:
		Nothing
 This function is called by:
		_INTERRUPT_InterruptManager
 This function uses a non-reentrant model


 *************** function _I2C1_ISR *****************
 Defined at:
		line 236 in file "i2c1.c"
 Parameters:    Size  Location     Type
		None
 Auto vars:     Size  Location     Type
		None
 Return value:  Size  Location     Type
                  1    wreg      void 
 Registers used:
		wreg, fsr2l, fsr2h, status,2, status,0, cstack
 Tracked objects:
		On entry : 
		On exit  : 
		Unchanged: 
 Data sizes:     COMRAM   BANK0   BANK1   BANK2   BANK3   BANK4   BANK5   BANK6   BANK7
      Params:         0       0       0       0       0       0       0       0       0
      Locals:         0       0       0       0       0       0       0       0       0
      Temps:          2       0       0       0       0       0       0       0       0
      Totals:         2       0       0       0       0       0       0       0       0
Total ram usage:        2 bytes
 Hardware stack levels used:    1
 Hardware stack levels required when called:    1
 This function calls:
		_I2C1_FunctionComplete
		_I2C1_Stop
 This function is called by:
		_INTERRUPT_InterruptManager
 This function uses a non-reentrant model


 *************** function _I2C1_Stop *****************
 Defined at:
		line 584 in file "i2c1.c"
 Parameters:    Size  Location     Type
  completion_c    1    wreg     enum E5248
 Auto vars:     Size  Location     Type
  completion_c    1    0[COMRAM] enum E5248
 Return value:  Size  Location     Type
                  1    wreg      void 
 Registers used:
		wreg, fsr2l, fsr2h, status,2, status,0
 Tracked objects:
		On entry : 
		On exit  : 
		Unchanged: 
 Data sizes:     COMRAM   BANK0   BANK1   BANK2   BANK3   BANK4   BANK5   BANK6   BANK7
      Params:         0       0       0       0       0       0       0       0       0
      Locals:         0       0       0       0       0       0       0       0       0
      Temps:          0       0       0       0       0       0       0       0       0
      Totals:         0       0       0       0       0       0       0       0       0
Total ram usage:        0 bytes
 Hardware stack levels used:    1
 This function calls:
		Nothing
 This function is called by:
		_I2C1_ISR
 This function uses a non-reentrant model


 *************** function _I2C1_FunctionComplete *****************
 Defined at:
		line 566 in file "i2c1.c"
 Parameters:    Size  Location     Type
		None
 Auto vars:     Size  Location     Type
		None
 Return value:  Size  Location     Type
                  1    wreg      void 
 Registers used:
		wreg, status,2, status,0
 Tracked objects:
		On entry : 
		On exit  : 
		Unchanged: 
 Data sizes:     COMRAM   BANK0   BANK1   BANK2   BANK3   BANK4   BANK5   BANK6   BANK7
      Params:         0       0       0       0       0       0       0       0       0
      Locals:         0       0       0       0       0       0       0       0       0
      Temps:          0       0       0       0       0       0       0       0       0
      Totals:         0       0       0       0       0       0       0       0       0
Total ram usage:        0 bytes
 Hardware stack levels used:    1
 This function calls:
		Nothing
 This function is called by:
		_I2C1_ISR
 This function uses a non-reentrant model


 *************** function _I2C1_BusCollisionISR *****************
 Defined at:
		line 731 in file "i2c1.c"
 Parameters:    Size  Location     Type
		None
 Auto vars:     Size  Location     Type
		None
 Return value:  Size  Location     Type
                  1    wreg      void 
 Registers used:
		None
 Tracked objects:
		On entry : 
		On exit  : 
		Unchanged: 
 Data sizes:     COMRAM   BANK0   BANK1   BANK2   BANK3   BANK4   BANK5   BANK6   BANK7
      Params:         0       0       0       0       0       0       0       0       0
      Locals:         0       0       0       0       0       0       0       0       0
      Temps:          0       0       0       0       0       0       0       0       0
      Totals:         0       0       0       0       0       0       0       0       0
Total ram usage:        0 bytes
 Hardware stack levels used:    1
 This function calls:
		Nothing
 This function is called by:
		_INTERRUPT_InterruptManager
 This function uses a non-reentrant model


 *************** function _EUSART1_Transmit_ISR *****************
 Defined at:
		line 149 in file "eusart1.c"
 Parameters:    Size  Location     Type
		None
 Auto vars:     Size  Location     Type
		None
 Return value:  Size  Location     Type
                  1    wreg      void 
 Registers used:
		wreg, fsr2l, fsr2h, status,2, status,0, prodl, prodh
 Tracked objects:
		On entry : 
		On exit  : 
		Unchanged: 
 Data sizes:     COMRAM   BANK0   BANK1   BANK2   BANK3   BANK4   BANK5   BANK6   BANK7
      Params:         0       0       0       0       0       0       0       0       0
      Locals:         0       0       0       0       0       0       0       0       0
      Temps:          0       0       0       0       0       0       0       0       0
      Totals:         0       0       0       0       0       0       0       0       0
Total ram usage:        0 bytes
 Hardware stack levels used:    1
 This function calls:
		Nothing
 This function is called by:
		_INTERRUPT_InterruptManager
 This function uses a non-reentrant model


 *************** function _EUSART1_Receive_ISR *****************
 Defined at:
		line 168 in file "eusart1.c"
 Parameters:    Size  Location     Type
		None
 Auto vars:     Size  Location     Type
		None
 Return value:  Size  Location     Type
                  1    wreg      void 
 Registers used:
		None
 Tracked objects:
		On entry : 
		On exit  : 
		Unchanged: 
 Data sizes:     COMRAM   BANK0   BANK1   BANK2   BANK3   BANK4   BANK5   BANK6   BANK7
      Params:         0       0       0       0       0       0       0       0       0
      Locals:         0       0       0       0       0       0       0       0       0
      Temps:          0       0       0       0       0       0       0       0       0
      Totals:         0       0       0       0       0       0       0       0       0
Total ram usage:        0 bytes
 Hardware stack levels used:    1
 This function calls:
		Nothing
 This function is called by:
		_INTERRUPT_InterruptManager
 This function uses a non-reentrant model


 *************** function _ADC_ISR *****************
 Defined at:
		line 130 in file "adc.c"
 Parameters:    Size  Location     Type
		None
 Auto vars:     Size  Location     Type
		None
 Return value:  Size  Location     Type
                  1    wreg      void 
 Registers used:
		None
 Tracked objects:
		On entry : 
		On exit  : 
		Unchanged: 
 Data sizes:     COMRAM   BANK0   BANK1   BANK2   BANK3   BANK4   BANK5   BANK6   BANK7
      Params:         0       0       0       0       0       0       0       0       0
      Locals:         0       0       0       0       0       0       0       0       0
      Temps:          0       0       0       0       0       0       0       0       0
      Totals:         0       0       0       0       0       0       0       0       0
Total ram usage:        0 bytes
 Hardware stack levels used:    1
 This function calls:
		Nothing
 This function is called by:
		_INTERRUPT_InterruptManager
 This function uses a non-reentrant model



MODULE INFORMATION

Module		Function		Class		Link	Load	Size
XLCD/setddram.c
		_SetDDRamAddr  		CODE           	279C	0000	83

XLCD/setddram.c estimated size: 83

tmr3.c
		_TMR3_ISR      		CODE           	298E	0000	47
		_TMR3_DefaultInterruptHandler		CODE           	2B10	0000	3

tmr3.c estimated size: 50

tmr1.c
		_TMR1_ISR      		CODE           	2B14	0000	3

tmr1.c estimated size: 3

C:\Program Files (x86)\Microchip\xc8\v1.43\sources\common\ftmul.c
		___ftmul       		CODE           	2156	0000	289

C:\Program Files (x86)\Microchip\xc8\v1.43\sources\common\ftmul.c estimated size: 289

C:\Program Files (x86)\Microchip\xc8\v1.43\sources\common\fldivl.c
		__div_to_l_    		CODE           	202E	0000	297

C:\Program Files (x86)\Microchip\xc8\v1.43\sources\common\fldivl.c estimated size: 297

user_xlcd.c
		_XLCD_Initialize		CODE           	28B6	0000	61
		_DelayFor18TCY 		CODE           	2B00	0000	9
		_DelayPORXLCD  		CODE           	2ACE	0000	19

user_xlcd.c estimated size: 89

C:\Program Files (x86)\Microchip\xc8\v1.43\sources\common\isdigit.c
		_isdigit       		CODE           	2A58	0000	31

C:\Program Files (x86)\Microchip\xc8\v1.43\sources\common\isdigit.c estimated size: 31

C:\Program Files (x86)\Microchip\xc8\v1.43\sources\common\ftge.c
		___ftge        		CODE           	24D4	0000	145

C:\Program Files (x86)\Microchip\xc8\v1.43\sources\common\ftge.c estimated size: 145

C:\Program Files (x86)\Microchip\xc8\v1.43\sources\common\awdiv.c
		___awdiv       		CODE           	2564	0000	133

C:\Program Files (x86)\Microchip\xc8\v1.43\sources\common\awdiv.c estimated size: 133

C:\Program Files (x86)\Microchip\xc8\v1.43\sources\common\lldiv.c
		___lldiv       		CODE           	25E8	0000	131

C:\Program Files (x86)\Microchip\xc8\v1.43\sources\common\lldiv.c estimated size: 131

XLCD/openxlcd.c
		_OpenXLCD      		CODE           	2430	0000	165

XLCD/openxlcd.c estimated size: 165

XLCD/wcmdxlcd.c
		_WriteCmdXLCD  		CODE           	2878	0000	63

XLCD/wcmdxlcd.c estimated size: 63

XLCD/busyxlcd.c
		_BusyXLCD      		CODE           	28F2	0000	59

XLCD/busyxlcd.c estimated size: 59

C:\Program Files (x86)\Microchip\xc8\v1.43\sources\common\fttol.c
		___fttol       		CODE           	1DB8	0000	325

C:\Program Files (x86)\Microchip\xc8\v1.43\sources\common\fttol.c estimated size: 325

adc.c
		_ADC_Initialize		CODE           	2A76	0000	25
		_ADC_GetConversion		CODE           	295E	0000	49
		_ADC_ISR       		CODE           	2B24	0000	3

adc.c estimated size: 77

C:\Program Files (x86)\Microchip\xc8\v1.43\sources\common\doprnt.c
		_scale         		CODE           	1116	0000	1071
		_sprintf       		CODE           	0880	0000	2199
		_fround        		CODE           	17AC	0000	603

C:\Program Files (x86)\Microchip\xc8\v1.43\sources\common\doprnt.c estimated size: 3873

C:\Program Files (x86)\Microchip\xc8\v1.43\sources\common\lwtoft.c
		___lwtoft      		CODE           	2A34	0000	37

C:\Program Files (x86)\Microchip\xc8\v1.43\sources\common\lwtoft.c estimated size: 37

C:\Program Files (x86)\Microchip\xc8\v1.43\sources\common\lltoft.c
		___lltoft      		CODE           	2740	0000	93

C:\Program Files (x86)\Microchip\xc8\v1.43\sources\common\lltoft.c estimated size: 93

C:\Program Files (x86)\Microchip\xc8\v1.43\sources\common\ftadd.c
		___ftadd       		CODE           	1544	0000	617

C:\Program Files (x86)\Microchip\xc8\v1.43\sources\common\ftadd.c estimated size: 617

tmr2.c
		_TMR2_ISR      		CODE           	2B12	0000	3

tmr2.c estimated size: 3

eusart1.c
		_EUSART1_Receive_ISR		CODE           	2AF6	0000	11
		_EUSART1_Transmit_ISR		CODE           	29BC	0000	47

eusart1.c estimated size: 58

tmr0.c
		_TMR0_ISR      		CODE           	2B16	0000	3

tmr0.c estimated size: 3

i2c1.c
		_I2C1_BusCollisionISR		CODE           	2B22	0000	3
		_I2C1_FunctionComplete		CODE           	2A8E	0000	25
		_I2C1_ISR      		CODE           	1A06	0000	589
		_I2C1_Stop     		CODE           	2B08	0000	9

i2c1.c estimated size: 626

shared
		__powers_      		SMALLCONST     	0829	0000	40
		_dpowers       		SMALLCONST     	0801	0000	41
		__npowers_     		SMALLCONST     	0850	0000	40
		__initialization		CODE           	292C	0000	37

shared estimated size: 158

mcc.c
		_OSCILLATOR_Initialize		CODE           	2AEC	0000	11
		_SYSTEM_Initialize		CODE           	2ABC	0000	19

mcc.c estimated size: 30

C:\Program Files (x86)\Microchip\xc8\v1.43\sources\pic18\d10ktcyx.c
		_Delay10KTCYx  		CODE           	2AA6	0000	23

C:\Program Files (x86)\Microchip\xc8\v1.43\sources\pic18\d10ktcyx.c estimated size: 23

C:\Program Files (x86)\Microchip\xc8\v1.43\sources\common\ftdivl.c
		__tdiv_to_l_   		CODE           	1EFC	0000	307

C:\Program Files (x86)\Microchip\xc8\v1.43\sources\common\ftdivl.c estimated size: 307

XLCD/writdata.c
		_WriteDataXLCD 		CODE           	283A	0000	63

XLCD/writdata.c estimated size: 63

interrupt_manager.c
		_INTERRUPT_InterruptManager		CODE           	0008	0000	365

interrupt_manager.c estimated size: 365

C:\Program Files (x86)\Microchip\xc8\v1.43\sources\common\ftneg.c
		___ftneg       		CODE           	2A10	0000	37

C:\Program Files (x86)\Microchip\xc8\v1.43\sources\common\ftneg.c estimated size: 37

C:\Program Files (x86)\Microchip\xc8\v1.43\sources\common\Umul16.c
		___wmul        		CODE           	29EA	0000	39

C:\Program Files (x86)\Microchip\xc8\v1.43\sources\common\Umul16.c estimated size: 39

C:\Program Files (x86)\Microchip\xc8\v1.43\sources\common\ftsub.c
		___ftsub       		CODE           	27EE	0000	77

C:\Program Files (x86)\Microchip\xc8\v1.43\sources\common\ftsub.c estimated size: 77

C:\Program Files (x86)\Microchip\xc8\v1.43\sources\common\float.c
		___ftpack      		CODE           	2382	0000	175

C:\Program Files (x86)\Microchip\xc8\v1.43\sources\common\float.c estimated size: 175

pin_manager.c
		_PIN_MANAGER_Initialize		CODE           	2AE0	0000	13
		_PIN_MANAGER_IOC		CODE           	2B18	0000	3
		_PIN_MANAGER_INT0		CODE           	2B1E	0000	3
		_PIN_MANAGER_INT1		CODE           	2B1C	0000	3
		_PIN_MANAGER_INT2		CODE           	2B1A	0000	3

pin_manager.c estimated size: 25

main.c
		_main          		CODE           	2276	0000	269

main.c estimated size: 269

memory.c
		_MEMORY_ISR    		CODE           	2B20	0000	3

memory.c estimated size: 3

C:\Program Files (x86)\Microchip\xc8\v1.43\sources\common\awmod.c
		___awmod       		CODE           	266A	0000	113

C:\Program Files (x86)\Microchip\xc8\v1.43\sources\common\awmod.c estimated size: 113

C:\Program Files (x86)\Microchip\xc8\v1.43\sources\common\llmod.c
		___llmod       		CODE           	26DA	0000	103

C:\Program Files (x86)\Microchip\xc8\v1.43\sources\common\llmod.c estimated size: 103

